// Jest Snapshot v1, https://goo.gl/fbAQLP

exports[`Badge 1`] = `
<DocumentFragment>
  .c0 {
  padding: 4.666666666666667px 9.333333333333334px;
  font-size: 14px;
  font-family: inherit;
  font-weight: bold;
  border-radius: 14px;
}

<span
    class="re-badge re-badge-info c0"
  >
    I'm a badge!
  </span>
</DocumentFragment>
`;
